자동화 시스템 연결 성공! 조쉬님 축하드립니다.